    0.705 # umbrales debounce_ms=15
    0.709 # contadores crudos=0 aceptados=0
   19.403 #MARK SESION LIMPIA - B reflasheada desde Windows, suspension USB desactivada
  145.996 145845,1
  146.551 146400,0
  147.644 147491,1
  148.002 147851,0
  148.701 148550,1
  149.077 148926,0
  150.162 # resumen t_ms=150010 crudos=34 aceptados=6 nivel=0
  150.373 150221,1
  150.463 150312,0
  150.738 150587,1
  150.838 150687,0
  151.124 150973,1
  151.225 151074,0
  151.554 151403,1
  151.653 151502,0
  155.164 # resumen t_ms=155010 crudos=46 aceptados=14 nivel=0
  310.100 309951,1
  310.156 # resumen t_ms=310010 crudos=47 aceptados=15 nivel=1
  310.183 310040,0
  310.523 310376,1
  310.624 310474,0
  310.933 310787,1
  311.016 310871,0
  312.671 312526,1
  312.721 312575,0
  313.676 313531,1
  313.753 313607,0
  313.776 313631,1
  313.975 313829,0
  315.160 # resumen t_ms=315010 crudos=66 aceptados=26 nivel=0
  317.133 316986,1
  317.185 317040,0
  317.540 317392,1
  317.609 317466,0
  317.928 317783,1
  317.985 317842,0
  319.255 319110,1
  319.447 319301,0
  320.160 # resumen t_ms=320010 crudos=88 aceptados=34 nivel=0
  320.181 320036,1
  320.602 320455,0
  321.137 320992,1
  321.508 321363,0
  321.931 321784,1
  322.286 322141,0
  324.039 323894,1
  324.146 324003,0
  324.441 324295,1
  324.492 324347,0
  324.834 324688,1
  324.887 324742,0
  325.159 # resumen t_ms=325010 crudos=124 aceptados=46 nivel=0
  328.042 327896,1
  328.154 328009,0
  328.456 328311,1
  328.499 328354,0
  328.864 328719,1
  328.934 328789,0
  330.159 # resumen t_ms=330010 crudos=142 aceptados=52 nivel=0
  330.642 330497,1
  331.117 330972,0
  331.417 331272,1
  331.894 331749,0
  332.236 332091,1
  332.634 332489,0
  334.089 333943,1
  334.185 334039,0
  334.824 334677,1
  334.914 334766,0
  335.159 # resumen t_ms=335010 crudos=160 aceptados=62 nivel=0
  335.201 335057,1
  335.270 335125,0
  340.157 # resumen t_ms=340010 crudos=162 aceptados=64 nivel=0
  560.501 #MARK FIN CALIBRACION - 27 toques declarados
  561.925 >>> r
  561.929 # umbrales debounce_ms=15
  561.935 # contadores crudos=162 aceptados=64
  774.614 #MARK INICIO TANDA EVALUACION - d25 en A, w2400 en B
  775.497 >>> d25
  775.503 # debounce_ms=25
  776.599 >>> c
  776.605 # contadores a cero
  777.587 >>> r
  777.591 # umbrales debounce_ms=25
  777.597 # contadores crudos=0 aceptados=0
  780.145 # resumen t_ms=780010 crudos=0 aceptados=0 nivel=0
  844.104 843976,1
  844.199 844070,0
  844.631 844503,1
  844.710 844582,0
  845.081 844952,1
  845.140 # resumen t_ms=845010 crudos=12 aceptados=5 nivel=1
  845.158 845031,0
  846.166 846037,1
  846.489 846361,0
  846.891 846762,1
  847.216 847083,0
  847.591 847464,1
  847.910 847781,0
  848.982 848854,1
  849.026 848898,0
  849.071 848943,1
  849.201 849072,0
  849.482 849353,1
  849.548 849420,0
  850.141 # resumen t_ms=850010 crudos=46 aceptados=18 nivel=0
  853.293 853164,1
  853.336 853208,0
  853.800 853671,1
  853.891 853762,0
  854.287 854158,1
  854.373 854245,0
  855.140 # resumen t_ms=855010 crudos=58 aceptados=24 nivel=0
  855.777 855646,1
  856.020 855892,0
  856.424 856296,1
  856.827 856697,0
  857.306 857180,1
  857.649 857521,0
  858.046 857918,1
  858.329 858201,0
  859.977 859848,1
  860.014 859884,0
  860.142 # resumen t_ms=860010 crudos=76 aceptados=34 nivel=0
  860.338 860203,1
  860.389 860260,0
  860.772 860643,1
  860.839 860711,0
  862.602 862475,1
  862.634 862506,0
  863.432 863304,1
  863.502 863373,0
  863.843 863712,1
  863.884 863755,0
  865.139 # resumen t_ms=865010 crudos=90 aceptados=44 nivel=0
  866.071 865942,1
  866.121 865993,0
  866.437 866309,1
  866.508 866380,0
  866.892 866762,1
  866.966 866837,0
  868.072 867935,1
  868.475 868347,0
  868.736 868608,1
  869.152 869024,0
  869.497 869368,1
  869.938 869810,0
  870.143 # resumen t_ms=870010 crudos=124 aceptados=56 nivel=0
  871.038 870910,1
  871.090 870962,0
  871.490 871361,1
  871.556 871427,0
  871.985 871856,1
  872.029 871900,0
  873.667 873538,1
  873.802 873673,0
  874.194 874065,1
  874.295 874166,0
  874.712 874582,1
  874.788 874660,0
  875.139 # resumen t_ms=875010 crudos=152 aceptados=68 nivel=0
  876.240 876111,1
  876.586 876457,0
  876.963 876836,1
  877.384 877255,0
  877.682 877553,1
  878.069 877941,0
  879.167 879040,1
  879.257 879130,0
  879.622 879495,1
  879.690 879563,0
  880.058 879931,1
  880.112 879984,0
  880.138 # resumen t_ms=880010 crudos=182 aceptados=80 nivel=0
  883.000 882873,1
  883.072 882945,0
  883.447 883320,1
  883.509 883381,0
  883.940 883813,1
  884.002 883875,0
  884.525 884398,1
  884.844 884716,0
  885.138 # resumen t_ms=885010 crudos=202 aceptados=88 nivel=0
  885.233 885108,1
  885.563 885436,0
  885.989 885862,1
  886.267 886140,0
  887.176 887049,1
  887.242 887114,0
  887.463 887338,1
  887.508 887381,0
  887.758 887631,1
  887.819 887692,0
  890.143 # resumen t_ms=890010 crudos=234 aceptados=98 nivel=0
 1096.614 1096493,1
 1096.643 1096523,0
 1097.483 1097361,1
 1097.537 1097416,0
 1097.909 1097788,1
 1097.943 1097822,0
 1099.678 1099555,1
 1099.754 1099633,0
 1100.026 1099904,1
 1100.108 1099987,0
 1100.132 # resumen t_ms=1100010 crudos=256 aceptados=108 nivel=0
 1100.416 1100295,1
 1100.493 1100371,0
 1101.807 1101686,1
 1102.020 1101899,0
 1102.386 1102264,1
 1102.679 1102557,0
 1104.431 1104310,1
 1104.545 1104426,0
 1104.795 1104673,1
 1104.873 1104752,0
 1105.132 # resumen t_ms=1105010 crudos=284 aceptados=118 nivel=0
 1105.250 1105129,1
 1105.314 1105196,0
 1106.211 1106088,1
 1106.833 1106712,0
 1107.336 1107216,1
 1107.881 1107763,0
 1108.331 1108211,1
 1108.791 1108671,0
 1109.798 1109678,1
 1109.926 1109806,0
 1110.134 # resumen t_ms=1110010 crudos=316 aceptados=128 nivel=0
 1110.156 1110036,1
 1110.235 1110115,0
 1110.514 1110394,1
 1110.582 1110460,0
 1112.072 1111951,1
 1112.442 1112322,0
 1112.980 1112860,1
 1113.321 1113201,0
 1113.820 1113700,1
 1114.222 1114102,0
 1114.957 1114837,1
 1115.083 1114963,0
 1115.134 # resumen t_ms=1115010 crudos=338 aceptados=140 nivel=0
 1115.299 1115179,1
 1115.370 1115249,0
 1115.666 1115545,1
 1115.755 1115634,0
 1116.376 1116256,1
 1116.764 1116644,0
 1117.069 1116949,1
 1117.486 1117366,0
 1117.864 1117744,1
 1117.996 1117876,0
 1119.424 1119307,1
 1119.506 1119386,0
 1119.756 1119636,1
 1119.825 1119705,0
 1120.132 # resumen t_ms=1120010 crudos=407 aceptados=154 nivel=0
 1120.135 1120011,1
 1120.212 1120092,0
 1121.454 1121334,1
 1121.914 1121794,0
 1122.164 1122043,1
 1122.608 1122488,0
 1122.935 1122815,1
 1123.334 1123214,0
 1124.155 1124035,1
 1124.255 1124135,0
 1124.494 1124374,1
 1124.586 1124459,0
 1124.853 1124733,1
 1124.932 1124812,0
 1125.131 # resumen t_ms=1125010 crudos=464 aceptados=168 nivel=0
 1128.179 1128059,1
 1128.311 1128191,0
 1128.509 1128387,1
 1128.602 1128480,0
 1128.947 1128827,1
 1129.027 1128907,0
 1129.482 1129362,1
 1129.884 1129763,0
 1130.134 # resumen t_ms=1130010 crudos=484 aceptados=176 nivel=0
 1130.231 1130112,1
 1130.678 1130555,0
 1131.041 1130921,1
 1131.522 1131402,0
 1132.307 1132187,1
 1132.340 1132220,0
 1132.576 1132455,1
 1132.655 1132533,0
 1132.953 1132836,1
 1133.039 1132916,0
 1135.133 # resumen t_ms=1135010 crudos=530 aceptados=186 nivel=0
 1135.660 1135538,1
 1135.728 1135607,0
 1135.937 1135817,1
 1136.016 1135896,0
 1136.296 1136176,1
 1136.365 1136245,0
 1137.795 1137674,1
 1138.114 1137992,0
 1138.506 1138388,1
 1138.888 1138767,0
 1139.282 1139162,1
 1139.693 1139572,0
 1140.131 # resumen t_ms=1140010 crudos=572 aceptados=198 nivel=0
 1141.127 1141007,1
 1141.215 1141096,0
 1141.633 1141516,1
 1141.732 1141608,0
 1142.034 1141914,1
 1142.136 1142015,0
 1143.582 1143462,1
 1143.851 1143732,0
 1144.657 1144538,1
 1144.710 1144590,0
 1145.133 # resumen t_ms=1145010 crudos=598 aceptados=208 nivel=0
 1145.635 1145515,1
 1145.682 1145563,0
 1147.406 1147286,1
 1147.470 1147351,0
 1147.709 1147590,1
 1147.779 1147660,0
 1147.999 1147880,1
 1148.057 1147938,0
 1149.120 1149001,1
 1149.545 1149424,0
 1149.923 1149805,1
 1150.133 # resumen t_ms=1150010 crudos=639 aceptados=219 nivel=1
 1150.248 1150129,0
 1150.646 1150527,1
 1150.939 1150820,0
 1151.976 1151857,1
 1152.038 1151919,0
 1152.250 1152131,1
 1152.292 1152175,0
 1152.513 1152397,1
 1152.570 1152451,0
 1153.688 1153568,1
 1153.959 1153840,0
 1155.130 # resumen t_ms=1155010 crudos=663 aceptados=230 nivel=0
 1155.131 1155012,1
 1155.613 1155494,0
 1156.102 1155983,1
 1156.527 1156406,0
 1156.921 1156802,1
 1157.301 1157182,0
 1158.396 1158277,1
 1158.468 1158349,0
 1158.501 1158384,1
 1158.541 1158422,0
 1158.794 1158675,1
 1158.852 1158733,0
 1159.118 1158999,1
 1159.148 1159031,0
 1160.133 # resumen t_ms=1160010 crudos=712 aceptados=244 nivel=0
 1226.161 #MARK FIN TANDA EVALUACION
 1227.143 >>> r
 1227.148 # umbrales debounce_ms=25
 1227.153 # contadores crudos=712 aceptados=244
 1480.603 #MARK INICIO TANDA FINAL - p173 (banda vacia 134-212), d25 en A, w2400
 1482.571 >>> c
 1482.577 # contadores a cero
 1483.663 >>> r
 1483.666 # umbrales debounce_ms=25
 1483.672 # contadores crudos=0 aceptados=0
 1485.122 # resumen t_ms=1485010 crudos=0 aceptados=0 nivel=0
 1725.248 1725147,1
 1725.334 1725233,0
 1725.709 1725609,1
 1725.795 1725694,0
 1726.099 1725998,1
 1726.163 1726062,0
 1727.588 1727489,1
 1727.884 1727783,0
 1728.316 1728208,1
 1728.662 1728560,0
 1729.056 1728953,1
 1729.376 1729274,0
 1730.080 1729979,1
 1730.113 # resumen t_ms=1730010 crudos=50 aceptados=13 nivel=1
 1730.119 1730018,0
 1730.480 1730379,1
 1730.527 1730427,0
 1730.798 1730697,1
 1730.851 1730750,0
 1734.115 1734015,1
 1734.219 1734118,0
 1734.483 1734382,1
 1734.542 1734441,0
 1734.827 1734726,1
 1734.910 1734809,0
 1735.112 # resumen t_ms=1735010 crudos=62 aceptados=24 nivel=0
 1736.408 1736307,1
 1736.544 1736443,0
 1737.238 1737137,1
 1737.570 1737468,0
 1737.903 1737805,1
 1738.224 1738121,0
 1738.536 1738435,1
 1738.836 1738735,0
 1740.115 # resumen t_ms=1740010 crudos=98 aceptados=32 nivel=0
 1740.232 1740131,1
 1740.281 1740181,0
 1740.526 1740425,1
 1740.599 1740499,0
 1740.851 1740750,1
 1740.914 1740813,0
 1743.967 1743863,1
 1744.087 1743986,0
 1744.306 1744206,1
 1744.361 1744260,0
 1744.751 1744650,1
 1744.829 1744726,0
 1745.111 # resumen t_ms=1745010 crudos=144 aceptados=44 nivel=0
 1746.262 1746161,1
 1746.622 1746523,0
 1746.896 1746799,1
 1747.285 1747184,0
 1747.670 1747569,1
 1748.071 1747969,0
 1749.336 1749236,1
 1749.418 1749318,0
 1749.667 1749566,1
 1749.746 1749645,0
 1750.030 1749929,1
 1750.105 1749999,0
 1750.113 # resumen t_ms=1750010 crudos=172 aceptados=56 nivel=0
 1753.350 1753250,1
 1753.471 1753371,0
 1753.725 1753626,1
 1753.833 1753734,0
 1754.074 1753974,1
 1754.175 1754075,0
 1755.114 # resumen t_ms=1755010 crudos=182 aceptados=62 nivel=0
 1755.460 1755360,1
 1755.728 1755627,0
 1756.103 1756003,1
 1756.417 1756315,0
 1756.856 1756759,1
 1757.167 1757065,0
 1758.457 1758357,1
 1758.567 1758469,0
 1758.783 1758684,1
 1758.896 1758797,0
 1759.129 1759029,1
 1759.247 1759124,0
 1760.114 # resumen t_ms=1760010 crudos=210 aceptados=74 nivel=0
 1791.389 #MARK FIN TANDA FINAL - operador declara >27 toques, un SOS salio SJS
 1792.264 >>> r
 1792.268 # umbrales debounce_ms=25
 1792.274 # contadores crudos=210 aceptados=74
