    3.004 >>> r
    3.013 # umbrales punto_raya_ms=170 letra_ms=930 palabra_ms=3000 debounce_ms=15 verbose=1
    3.023 # contadores flancos_crudos=57 filtrados=0 puntos=18 rayas=10 letras=11 desconocidas=0 desbordes_buffer=0 niveles_repetidos=1
   45.304 #MARK ANOMALIA SIN CAPTURA entre fin tanda 3 y reapertura: A aceptados 54->62 (+8), B flancos_crudos 55->57 (+2, +1 raya, +1 letra). Causa no determinada. Umbrales intactos (B 170/930/3000/15, A d25)
   45.304 >>> c
   45.307 # contadores a cero
   45.708 >>> r
   45.717 # umbrales punto_raya_ms=170 letra_ms=930 palabra_ms=3000 debounce_ms=15 verbose=1
   45.727 # contadores flancos_crudos=0 filtrados=0 puntos=0 rayas=0 letras=0 desconocidas=0 desbordes_buffer=0 niveles_repetidos=0
   46.729 #MARK INICIO TANDA 4 (umbrales congelados: B p170 l930 w3000 d15, A d25; 27 toques esperados)
   65.329 # silencio_ms=249801
   65.423 .
   65.423 # pulso_ms=93
   65.791 # silencio_ms=367
   65.876 .
   65.877 # pulso_ms=85
   66.438 # silencio_ms=560
   66.509 .
   66.509 # pulso_ms=70
   67.441 [letra: S] [bin: 01010011]
   67.938 # silencio_ms=1428
   68.603 -
   68.603 # pulso_ms=664
   69.534 [letra: T] [bin: 01010100]
   69.605 # silencio_ms=1001
   70.423 -
   70.423 # pulso_ms=817
   71.265 # silencio_ms=841
   72.239 -
   72.239 # pulso_ms=973
   73.170 [letra: M] [bin: 01001101]
   73.899 # silencio_ms=1659
   73.977 .
   73.977 # pulso_ms=78
   74.156 # silencio_ms=178
   74.244 .
   74.244 # pulso_ms=87
   74.705 # silencio_ms=460
   74.774 .
   74.774 # pulso_ms=68
   75.706 [letra: S] [bin: 01010011]
   77.773 [palabra]
   78.178 # silencio_ms=3403
   78.505 -
   78.506 # pulso_ms=327
   78.827 # silencio_ms=320
   79.079 -
   79.079 # pulso_ms=251
   79.539 # silencio_ms=459
   80.080 -
   80.080 # pulso_ms=540
   81.011 [letra: O] [bin: 01001111]
   81.887 # silencio_ms=1806
   81.957 .
   81.958 # pulso_ms=70
   82.130 # silencio_ms=171
   82.204 .
   82.205 # pulso_ms=74
   82.434 # silencio_ms=228
   82.508 .
   82.508 # pulso_ms=74
   83.439 [letra: S] [bin: 01010011]
   85.508 [palabra]
   85.709 # silencio_ms=3200
   85.931 -
   85.931 # pulso_ms=221
   86.291 # silencio_ms=358
   86.511 -
   86.512 # pulso_ms=220
   86.838 # silencio_ms=326
   87.094 -
   87.094 # pulso_ms=254
   88.024 [letra: O] [bin: 01001111]
   88.687 # silencio_ms=1593
   89.294 -
   89.294 # pulso_ms=606
   89.957 # silencio_ms=661
   90.588 -
   90.588 # pulso_ms=630
   91.368 # silencio_ms=780
   91.898 -
   91.899 # pulso_ms=529
   92.830 [letra: O] [bin: 01001111]
   93.364 # silencio_ms=1464
   93.495 .
   93.496 # pulso_ms=131
   93.779 # silencio_ms=283
   93.879 .
   93.880 # pulso_ms=99
   94.151 # silencio_ms=271
   94.457 -
   94.457 # pulso_ms=305
   95.388 [letra: U] [bin: 01010101]
   97.457 [palabra]
  246.882 #MARK FIN TANDA 4 (usuario dijo hecha; admite un par de errores; no dio conteo de toques)
  246.882 >>> r
  246.891 # umbrales punto_raya_ms=170 letra_ms=930 palabra_ms=3000 debounce_ms=15 verbose=1
  246.901 # contadores flancos_crudos=48 filtrados=0 puntos=11 rayas=13 letras=9 desconocidas=0 desbordes_buffer=0 niveles_repetidos=0
