  626.290 #MARK INICIO TANDA 3 (B: p170 l930 w3000 d15; A: d25; 27 toques esperados)
  627.080 # resumen t_ms=645010 crudos=0 aceptados=0 nivel=0
  722.736 740670,1
  722.840 740774,0
  723.213 741148,1
  723.324 741258,0
  723.745 741680,1
  723.856 741791,0
  725.472 743406,1
  726.005 743939,0
  726.512 744447,1
  727.079 # resumen t_ms=745010 crudos=21 aceptados=9 nivel=1
  727.115 745050,0
  727.813 745748,1
  728.383 746318,0
  729.984 747918,1
  730.100 748034,0
  730.435 748369,1
  730.531 748465,0
  730.878 748812,1
  730.983 748917,0
  732.079 # resumen t_ms=750010 crudos=48 aceptados=18 nivel=0
  733.988 751922,1
  734.093 752027,0
  734.472 752406,1
  734.583 752518,0
  734.901 752836,1
  734.999 752934,0
  736.201 754136,1
  736.571 754505,0
  737.079 # resumen t_ms=755010 crudos=68 aceptados=26 nivel=0
  737.368 755303,1
  737.835 755770,0
  738.686 756621,1
  739.331 757266,0
  740.686 758620,1
  740.797 758732,0
  741.083 759018,1
  741.195 759130,0
  741.492 759427,1
  741.602 759536,0
  742.079 # resumen t_ms=760010 crudos=82 aceptados=36 nivel=0
  744.069 762004,1
  744.193 762128,0
  744.504 762439,1
  744.606 762541,0
  744.904 762839,1
  745.016 762951,0
  746.246 764181,1
  746.762 764697,0
  747.079 # resumen t_ms=765010 crudos=106 aceptados=44 nivel=0
  747.800 765735,1
  748.361 766296,0
  749.287 767222,1
  749.823 767758,0
  751.548 769483,1
  751.689 769624,0
  751.918 769853,1
  752.020 769955,0
  752.079 # resumen t_ms=770010 crudos=122 aceptados=52 nivel=0
  752.256 770191,1
  752.356 770291,0
  757.080 # resumen t_ms=775010 crudos=134 aceptados=54 nivel=0
  765.693 #MARK FIN TANDA 3 (usuario dijo listo; declara 27 toques)
