 1480.603 #MARK INICIO TANDA FINAL - p173 (banda vacia 134-212), d25 en A, w2400
 1482.571 >>> c
 1482.577 # contadores a cero
 1483.663 >>> r
 1483.666 # umbrales debounce_ms=25
 1483.672 # contadores crudos=0 aceptados=0
 1485.122 # resumen t_ms=1485010 crudos=0 aceptados=0 nivel=0
 1725.248 1725147,1
 1725.334 1725233,0
 1725.709 1725609,1
 1725.795 1725694,0
 1726.099 1725998,1
 1726.163 1726062,0
 1727.588 1727489,1
 1727.884 1727783,0
 1728.316 1728208,1
 1728.662 1728560,0
 1729.056 1728953,1
 1729.376 1729274,0
 1730.080 1729979,1
 1730.113 # resumen t_ms=1730010 crudos=50 aceptados=13 nivel=1
 1730.119 1730018,0
 1730.480 1730379,1
 1730.527 1730427,0
 1730.798 1730697,1
 1730.851 1730750,0
 1734.115 1734015,1
 1734.219 1734118,0
 1734.483 1734382,1
 1734.542 1734441,0
 1734.827 1734726,1
 1734.910 1734809,0
 1735.112 # resumen t_ms=1735010 crudos=62 aceptados=24 nivel=0
 1736.408 1736307,1
 1736.544 1736443,0
 1737.238 1737137,1
 1737.570 1737468,0
 1737.903 1737805,1
 1738.224 1738121,0
 1738.536 1738435,1
 1738.836 1738735,0
 1740.115 # resumen t_ms=1740010 crudos=98 aceptados=32 nivel=0
 1740.232 1740131,1
 1740.281 1740181,0
 1740.526 1740425,1
 1740.599 1740499,0
 1740.851 1740750,1
 1740.914 1740813,0
 1743.967 1743863,1
 1744.087 1743986,0
 1744.306 1744206,1
 1744.361 1744260,0
 1744.751 1744650,1
 1744.829 1744726,0
 1745.111 # resumen t_ms=1745010 crudos=144 aceptados=44 nivel=0
 1746.262 1746161,1
 1746.622 1746523,0
 1746.896 1746799,1
 1747.285 1747184,0
 1747.670 1747569,1
 1748.071 1747969,0
 1749.336 1749236,1
 1749.418 1749318,0
 1749.667 1749566,1
 1749.746 1749645,0
 1750.030 1749929,1
 1750.105 1749999,0
 1750.113 # resumen t_ms=1750010 crudos=172 aceptados=56 nivel=0
 1753.350 1753250,1
 1753.471 1753371,0
 1753.725 1753626,1
 1753.833 1753734,0
 1754.074 1753974,1
 1754.175 1754075,0
 1755.114 # resumen t_ms=1755010 crudos=182 aceptados=62 nivel=0
 1755.460 1755360,1
 1755.728 1755627,0
 1756.103 1756003,1
 1756.417 1756315,0
 1756.856 1756759,1
 1757.167 1757065,0
 1758.457 1758357,1
 1758.567 1758469,0
 1758.783 1758684,1
 1758.896 1758797,0
 1759.129 1759029,1
 1759.247 1759124,0
 1760.114 # resumen t_ms=1760010 crudos=210 aceptados=74 nivel=0
 1791.389 #MARK FIN TANDA FINAL - operador declara >27 toques, un SOS salio SJS
