   19.403 #MARK SESION LIMPIA - B reflasheada desde Windows, suspension USB desactivada
  145.996 145845,1
  146.551 146400,0
  147.644 147491,1
  148.002 147851,0
  148.701 148550,1
  149.077 148926,0
  150.162 # resumen t_ms=150010 crudos=34 aceptados=6 nivel=0
  150.373 150221,1
  150.463 150312,0
  150.738 150587,1
  150.838 150687,0
  151.124 150973,1
  151.225 151074,0
  151.554 151403,1
  151.653 151502,0
  155.164 # resumen t_ms=155010 crudos=46 aceptados=14 nivel=0
  310.100 309951,1
  310.156 # resumen t_ms=310010 crudos=47 aceptados=15 nivel=1
  310.183 310040,0
  310.523 310376,1
  310.624 310474,0
  310.933 310787,1
  311.016 310871,0
  312.671 312526,1
  312.721 312575,0
  313.676 313531,1
  313.753 313607,0
  313.776 313631,1
  313.975 313829,0
  315.160 # resumen t_ms=315010 crudos=66 aceptados=26 nivel=0
  317.133 316986,1
  317.185 317040,0
  317.540 317392,1
  317.609 317466,0
  317.928 317783,1
  317.985 317842,0
  319.255 319110,1
  319.447 319301,0
  320.160 # resumen t_ms=320010 crudos=88 aceptados=34 nivel=0
  320.181 320036,1
  320.602 320455,0
  321.137 320992,1
  321.508 321363,0
  321.931 321784,1
  322.286 322141,0
  324.039 323894,1
  324.146 324003,0
  324.441 324295,1
  324.492 324347,0
  324.834 324688,1
  324.887 324742,0
  325.159 # resumen t_ms=325010 crudos=124 aceptados=46 nivel=0
  328.042 327896,1
  328.154 328009,0
  328.456 328311,1
  328.499 328354,0
  328.864 328719,1
  328.934 328789,0
  330.159 # resumen t_ms=330010 crudos=142 aceptados=52 nivel=0
  330.642 330497,1
  331.117 330972,0
  331.417 331272,1
  331.894 331749,0
  332.236 332091,1
  332.634 332489,0
  334.089 333943,1
  334.185 334039,0
  334.824 334677,1
  334.914 334766,0
  335.159 # resumen t_ms=335010 crudos=160 aceptados=62 nivel=0
  335.201 335057,1
  335.270 335125,0
  340.157 # resumen t_ms=340010 crudos=162 aceptados=64 nivel=0
  560.501 #MARK FIN CALIBRACION - 27 toques declarados
